----> Info: Setting up Key4hep stack...
----> Info: Sourcing stack fresh!
source /cvmfs/sw.hsf.org/key4hep/setup.sh -r 2024-03-10
AlmaLinux/RockyLinux/RHEL 9 detected
Setting up the Key4hep software stack release 2024-03-10 from CVMFS
Use the following command to reproduce the current environment:

        source /cvmfs/sw.hsf.org/key4hep/setup.sh -r 2024-03-10

If you have any issues, comments or requests, open an issue at https://github.com/key4hep/key4hep-spack/issues
Tip: A new -d flag can be used to access debug builds, otherwise the default is the optimized build
----> Info: Setting up environment variables...
sample=Zbb accounting_group=group_u_FCC.local_gen job_flavour=workday chunks=1200 output=/eos/lhcb/lbdt3/user/rquaglia/fcc_ee/lblgamma/outputs/zbb_full_condor/stage1_v4_pointing_20261005
----> INFO: Loading analyzers from libFCCAnalyses...
----> INFO: Loading analysis file:
            /afs/cern.ch/work/r/rquaglia/fcc_ee/fccee_lblgamma_study/analysis/studies/analysis_preselection_v4.py
Validated 4398 ROOT inputs for p8_ee_Zbb_ecm91 from /eos/experiment/fcc/ee/generation/DelphesEvents/winter2023/IDEA/p8_ee_Zbb_ecm91/events_*.root
Chunks: 1200; ~3.67 files/job
Input mode: mounted /eos paths are rewritten by FCCAnalyses to root://eospublic.cern.ch
Config: /afs/cern.ch/work/r/rquaglia/fcc_ee/fccee_lblgamma_study/config/lb_reco_preselection_15mev_45_65_3d.json
Accounting group: group_u_FCC.local_gen; queue: workday; CPUs/job: 4
EOS output: /eos/lhcb/lbdt3/user/rquaglia/fcc_ee/lblgamma/outputs/zbb_full_condor/stage1_v4_pointing_20261005 (root://eoslhcb.cern.ch)
Check-only complete; no jobs submitted.
sample=Zcc accounting_group=group_u_FCC.local_gen job_flavour=workday chunks=1200 output=/eos/lhcb/lbdt3/user/rquaglia/fcc_ee/lblgamma/outputs/zcc_full_condor/stage1_v4_pointing_20261005
----> INFO: Loading analyzers from libFCCAnalyses...
----> INFO: Loading analysis file:
            /afs/cern.ch/work/r/rquaglia/fcc_ee/fccee_lblgamma_study/analysis/studies/analysis_preselection_v4.py
Validated 5018 ROOT inputs for p8_ee_Zcc_ecm91 from /eos/experiment/fcc/ee/generation/DelphesEvents/winter2023/IDEA/p8_ee_Zcc_ecm91/events_*.root
Chunks: 1200; ~4.18 files/job
Input mode: mounted /eos paths are rewritten by FCCAnalyses to root://eospublic.cern.ch
Config: /afs/cern.ch/work/r/rquaglia/fcc_ee/fccee_lblgamma_study/config/lb_reco_preselection_15mev_45_65_3d.json
Accounting group: group_u_FCC.local_gen; queue: workday; CPUs/job: 4
EOS output: /eos/lhcb/lbdt3/user/rquaglia/fcc_ee/lblgamma/outputs/zcc_full_condor/stage1_v4_pointing_20261005 (root://eoslhcb.cern.ch)
Check-only complete; no jobs submitted.
sample=Zss accounting_group=group_u_FCC.local_gen job_flavour=workday chunks=1200 output=/eos/lhcb/lbdt3/user/rquaglia/fcc_ee/lblgamma/outputs/zss_full_condor/stage1_v4_pointing_20261005
----> INFO: Loading analyzers from libFCCAnalyses...
----> INFO: Loading analysis file:
            /afs/cern.ch/work/r/rquaglia/fcc_ee/fccee_lblgamma_study/analysis/studies/analysis_preselection_v4.py
Validated 5015 ROOT inputs for p8_ee_Zss_ecm91 from /eos/experiment/fcc/ee/generation/DelphesEvents/winter2023/IDEA/p8_ee_Zss_ecm91/events_*.root
Chunks: 1200; ~4.18 files/job
Input mode: mounted /eos paths are rewritten by FCCAnalyses to root://eospublic.cern.ch
Config: /afs/cern.ch/work/r/rquaglia/fcc_ee/fccee_lblgamma_study/config/lb_reco_preselection_15mev_45_65_3d.json
Accounting group: group_u_FCC.local_gen; queue: workday; CPUs/job: 4
EOS output: /eos/lhcb/lbdt3/user/rquaglia/fcc_ee/lblgamma/outputs/zss_full_condor/stage1_v4_pointing_20261005 (root://eoslhcb.cern.ch)
Check-only complete; no jobs submitted.
